HTTP/1.0 200 Ok
Server: CppCMS-Embedded/0.99.9
Connection: close
Content-Type: text/plain; charset=utf-8
X-Powered-By: CppCMS/0.99.9

CONTENT_LENGTH:11
CONTENT_TYPE:application/x-www-form-urlencoded
GATEWAY_INTERFACE:CGI/1.0
PATH_INFO:
REMOTE_ADDR:127.0.0.1
REMOTE_HOST:127.0.0.1
REQUEST_METHOD:POST
SCRIPT_NAME:/test
SERVER_NAME:127.0.0.1
SERVER_PORT:8080
SERVER_PROTOCOL:HTTP/1.0
SERVER_SOFTWARE:CppCMS/0.99.9

1=2
foo=bar
