Content-Type: text/plain; charset=UTF-8
X-Powered-By: CppCMS/0.99.2

CONTENT_LENGTH:0
GATEWAY_INTERFACE:CGI/1.0
HTTP_ACCEPT_ENCODING:gzip
PATH_INFO:
REMOTE_ADDR:
REMOTE_HOST:
REQUEST_METHOD:GET
SCRIPT_NAME:/test
SERVER_NAME:127.0.0.1
SERVER_PORT:8080
SERVER_PROTOCOL:HTTP/1.0
SERVER_SOFTWARE:CppCMS/0.99.2

